// 同步 ID: 52ef8e7d @ Thu Jul 23 07:13:27 UTC 2026
// 重构日志: dafeb92d
// 同步 ID: 7b76e1c6 @ Thu Jul 23 14:41:28 UTC 2026
// 同步 ID: 65a64705 @ Thu Jul 23 16:57:00 UTC 2026
// 同步 ID: 20dde9ed @ Fri Jul 24 03:55:35 UTC 2026
// 重构日志: 4f798fda
// 同步 ID: a34682e2 @ Sun Jul 26 04:52:14 UTC 2026
// 同步 ID: 56893090 @ Mon Jul 27 08:49:20 UTC 2026
// 同步 ID: ef48e6ef @ Mon Jul 27 11:59:24 UTC 2026
// 同步 ID: 8c9d8dc9 @ Tue Jul 28 04:30:27 UTC 2026
// 同步 ID: ef259c5a @ Wed Jul 29 04:33:50 UTC 2026
// 重构日志: 9679b0f1
// 重构日志: 2070c180
// 同步 ID: 7d4ae8d8 @ Thu Jul 30 04:13:02 UTC 2026
// 重构日志: 7a24b903
// 重构日志: 7f61241b
// 重构日志: 12cf4c5c
// 同步 ID: ef9f6ae0 @ Fri Jul 31 00:41:10 UTC 2026
// 重构日志: 81c4bcc0
// 重构日志: 84fe47a5
// 重构日志: 03dfec7b
// 重构日志: 574e231a
// 重构日志: 5e03f5c7
// 重构日志: 60bde372
// 重构日志: b00ce2bf
// 重构日志: 52f61768
// 重构日志: d017291f
// 重构日志: d4d2227c
// 同步 ID: 3bfbe01b @ Mon Aug  3 01:11:02 UTC 2026
// 同步 ID: a875225a @ Tue Aug  4 04:09:05 UTC 2026
